warning: unused import: `opcode`
 --> src\vm\decode.rs:5:30
  |
5 | use crate::base::isa::{self, opcode, EncTemplate};
  |                              ^^^^^^
  |
  = note: `#[warn(unused_imports)]` (part of `#[warn(unused)]`) on by default

warning: unused import: `encode_r1i`
   --> src\compiler\codegen\reg_alloc.rs:223:51
    |
223 |     use crate::base::isa::{encode_r3, encode_r2i, encode_r1i};
    |                                                   ^^^^^^^^^^
    |
    = note: `#[warn(unused_imports)]` (part of `#[warn(unused)]`) on by default

warning: unused variable: `ast`
    --> src\compiler\parser.rs:1955:14
     |
1955 |         let (ast, errors) = parse(src);
     |              ^^^ help: if this is intentional, prefix it with an underscore: `_ast`
     |
     = note: `#[warn(unused_variables)]` (part of `#[warn(unused)]`) on by default

warning: unused variable: `ast`
    --> src\compiler\parser.rs:1968:14
     |
1968 |         let (ast, errors) = parse(src);
     |              ^^^ help: if this is intentional, prefix it with an underscore: `_ast`

warning: unused variable: `ast`
    --> src\compiler\parser.rs:1978:14
     |
1978 |         let (ast, errors) = parse(src);
     |              ^^^ help: if this is intentional, prefix it with an underscore: `_ast`

warning: unused variable: `ast`
    --> src\compiler\parser.rs:1987:14
     |
1987 |         let (ast, errors) = parse(src);
     |              ^^^ help: if this is intentional, prefix it with an underscore: `_ast`

warning: unused variable: `ast`
    --> src\compiler\parser.rs:1996:14
     |
1996 |         let (ast, errors) = parse(src);
     |              ^^^ help: if this is intentional, prefix it with an underscore: `_ast`

warning: unused variable: `ast`
    --> src\compiler\parser.rs:2007:14
     |
2007 |         let (ast, errors) = parse(src);
     |              ^^^ help: if this is intentional, prefix it with an underscore: `_ast`

warning: unused variable: `ast`
    --> src\compiler\parser.rs:2017:14
     |
2017 |         let (ast, errors) = parse(src);
     |              ^^^ help: if this is intentional, prefix it with an underscore: `_ast`

warning: unused variable: `ast`
    --> src\compiler\parser.rs:2047:14
     |
2047 |         let (ast, errors) = parse(src);
     |              ^^^ help: if this is intentional, prefix it with an underscore: `_ast`

warning: unused variable: `ast`
    --> src\compiler\parser.rs:2057:14
     |
2057 |         let (ast, errors) = parse(src);
     |              ^^^ help: if this is intentional, prefix it with an underscore: `_ast`

warning: unused variable: `ast`
    --> src\compiler\parser.rs:2067:14
     |
2067 |         let (ast, errors) = parse(src);
     |              ^^^ help: if this is intentional, prefix it with an underscore: `_ast`

warning: unused variable: `ast`
    --> src\compiler\parser.rs:2084:14
     |
2084 |         let (ast, errors) = parse(src);
     |              ^^^ help: if this is intentional, prefix it with an underscore: `_ast`

warning: comparison is useless due to type limits
   --> src\compiler\codegen\reg_alloc.rs:285:17
    |
285 |         assert!(alloc.frame_size >= 0);
    |                 ^^^^^^^^^^^^^^^^^^^^^
    |
    = note: `#[warn(unused_comparisons)]` on by default

warning: `atomix` (lib) generated 1 warning (run `cargo fix --lib -p atomix` to apply 1 suggestion)
warning: `atomix` (lib test) generated 13 warnings (run `cargo fix --lib -p atomix --tests` to apply 12 suggestions)
    Finished `test` profile [unoptimized + debuginfo] target(s) in 0.36s
     Running unittests src\lib.rs (target\debug\deps\atomix-a3b5461aa13a72b0.exe)

running 190 tests
test base::ir::tests::bad_magic_rejected ... ok
test base::ir::tests::header_roundtrip ... ok
test compiler::codegen::expr::tests::bool_literal ... ok
test compiler::codegen::expr::tests::binary_add ... ok
test base::isa::tests::r2i_roundtrip ... ok
test compiler::codegen::assembly::tests::exn_section_entry_size ... ok
test base::isa::tests::ji_sign_extend ... ok
test base::error::tests::code_roundtrip ... ok
test base::isa::tests::r3_roundtrip ... ok
test compiler::codegen::expr::tests::binary_arithmetic_sequence ... ok
test base::isa::tests::profile_encode ... ok
test compiler::codegen::assembly::tests::lifecycle_mapping ... ok
test base::ir::tests::atxe_roundtrip ... ok
test compiler::codegen::assembly::tests::assemble_basic ... ok
test compiler::codegen::assembly::tests::zones_section_size ... ok
test base::error::tests::error_display ... ok
test compiler::codegen::expr::tests::comparison_to_bool ... ok
test compiler::codegen::expr::tests::const_pool_deduplication ... ok
test compiler::codegen::expr::tests::float_literal_in_rodata ... ok
test compiler::codegen::expr::tests::int_literal ... ok
test compiler::codegen::expr::tests::multiple_constants_in_pool ... ok
test compiler::codegen::expr::tests::unary_not ... ok
test compiler::codegen::instr::tests::backward_jmp ... ok
test compiler::codegen::expr::tests::string_literal_in_rodata ... ok
test compiler::codegen::instr::tests::emit_and_count ... ok
test compiler::codegen::instr::tests::encode_decode_consistency ... ok
test compiler::codegen::instr::tests::forward_jmp ... ok
test compiler::codegen::instr::tests::label_roundtrip ... ok
test compiler::codegen::instr::tests::movi_and_add_sequence ... ok
test compiler::codegen::instr::tests::multiple_forward_refs ... ok
test compiler::codegen::optimizer::tests::constant_fold_add ... ok
test compiler::codegen::optimizer::tests::constant_fold_commutative ... ok
test compiler::codegen::optimizer::tests::constant_fold_mul ... ok
test compiler::codegen::optimizer::tests::dead_code_eliminate_jmp_fallthrough ... ok
test compiler::codegen::optimizer::tests::fold_then_compare ... ok
test compiler::codegen::optimizer::tests::o0_no_change ... ok
test compiler::codegen::optimizer::tests::peephole_jmp_kept_as_is ... ok
test compiler::codegen::optimizer::tests::peephole_jz_jmp_reversal ... ok
test compiler::codegen::optimizer::tests::peephole_mov_add_identity ... ok
test compiler::codegen::stmt::tests::assert_ok_path ... ok
test compiler::codegen::stmt::tests::for_loop_emits_instructions ... ok
test compiler::codegen::stmt::tests::raise_exception ... ok
test compiler::codegen::stmt::tests::return_int ... ok
test compiler::lexer::tests::bad_escape ... ok
test compiler::codegen::stmt::tests::call_function ... ok
test compiler::codegen::reg_alloc::tests::live_interval_basic ... ok
test compiler::lexer::tests::block_comment_inside_zone ... ok
test compiler::lexer::tests::arrows ... ok
test compiler::codegen::stmt::tests::multiple_let_statement ... ok
test compiler::codegen::reg_alloc::tests::allocate_simple ... ok
test compiler::codegen::stmt::tests::let_int ... ok
test compiler::codegen::reg_alloc::tests::collect_vregs_simple ... ok
test compiler::codegen::reg_alloc::tests::spill_code_insertion ... ok
test compiler::codegen::reg_alloc::tests::no_vregs ... ok
test compiler::lexer::tests::colon_dcolon ... ok
test compiler::lexer::tests::case_insensitive_keywords ... ok
test compiler::codegen::stmt::tests::if_else_pattern ... ok
test compiler::lexer::tests::block_comment_file_level_is_meta ... ok
test compiler::codegen::reg_alloc::tests::allocate_with_many_overlapping ... ok
test compiler::lexer::tests::demo_atx_header ... ok
test compiler::lexer::tests::dollar ... ok
test compiler::lexer::tests::empty_hex_error ... ok
test compiler::lexer::tests::empty_input ... ok
test compiler::lexer::tests::dot_separated_not_float ... ok
test compiler::lexer::tests::floats ... ok
test compiler::lexer::tests::fstring_basic ... ok
test compiler::lexer::tests::identifiers ... ok
test compiler::lexer::tests::integers ... ok
test compiler::lexer::tests::iterator_produces_no_eof ... ok
test compiler::lexer::tests::leading_zero_error ... ok
test compiler::lexer::tests::line_comment ... ok
test compiler::lexer::tests::meta_block_after_zone_is_comment ... ok
test compiler::lexer::tests::meta_block_before_zone ... ok
test compiler::lexer::tests::multiple_errors ... ok
test compiler::lexer::tests::operators ... ok
test compiler::lexer::tests::string_literal ... ok
test compiler::lexer::tests::symbols ... ok
test compiler::lexer::tests::unclosed_string ... ok
test compiler::lexer::tests::whitespace_only ... ok
test compiler::lexer::tests::string_with_escapes ... ok
test compiler::lexer::tests::zone_keywords_detected ... ok
test compiler::linker::tests::closure_prune_keeps_reachable ... ok
test compiler::linker::tests::multiple_symbols_resolved ... ok
test compiler::linker::tests::symbol_define_and_resolve ... ok
test compiler::linker::tests::unresolved_symbol_error ... ok
test compiler::parser::tests::all_zones_empty ... ok
test compiler::parser::tests::empty_tools_zone ... ok
test compiler::parser::tests::cross_ref ... ok
test compiler::parser::tests::assert_and_raise ... ok
test compiler::parser::tests::dollar_pipe ... ok
test compiler::parser::tests::call_with_input_output ... ok
test compiler::parser::tests::expression_precedence ... ok
test compiler::parser::tests::for_loop ... ok
test compiler::parser::tests::function_definition ... ok
test compiler::parser::tests::goout_declaration ... ok
test compiler::parser::tests::if_elif_else ... ok
test compiler::parser::tests::type_annotations ... ok
test compiler::parser::tests::use_and_const ... ok
test compiler::parser::tests::variable_declaration ... ok
test compiler::parser::tests::wait_statement ... ok
test compiler::semantic::tests::block_scope ... ok
test compiler::semantic::tests::const_declaration ... ok
test compiler::semantic::tests::cross_ref_reverse_direction_valid ... ok
test compiler::semantic::tests::cross_ref_tools_from_task_valid ... ok
test compiler::semantic::tests::empty_tools_zone ... ok
test compiler::semantic::tests::exception_circular_inheritance_error ... ok
test compiler::semantic::tests::exception_defined ... ok
test compiler::semantic::tests::exception_parent_undefined_error ... ok
test compiler::semantic::tests::for_loop_condition ... ok
test compiler::semantic::tests::function_definition_and_call ... ok
test compiler::semantic::tests::goout_declaration ... ok
test compiler::semantic::tests::goout_in_task_valid ... ok
test compiler::semantic::tests::if_condition_bool ... ok
test compiler::semantic::tests::input_zone_constant_decl ... ok
test compiler::semantic::tests::monomorphize_name_basic ... ok
test compiler::semantic::tests::monomorphize_name_multi_param ... ok
test compiler::semantic::tests::reachable_function_from_task ... ok
test compiler::semantic::tests::simple_variable_declaration ... ok
test compiler::semantic::tests::type_inference_int_float ... ok
test compiler::semantic::tests::type_mismatch_error ... ok
test compiler::semantic::tests::undefined_variable_error ... ok
test compiler::symbol::tests::basic_declare_and_lookup ... ok
test compiler::symbol::tests::duplicate_declare_error ... ok
test compiler::symbol::tests::resolve_type_node ... ok
test compiler::symbol::tests::scope_lifetime ... ok
test compiler::symbol::tests::scoped_shadowing ... ok
test compiler::symbol::tests::symbol_with_type_and_func ... ok
test compiler::tests::compile_error_propagates ... ok
test compiler::tests::empty_program_does_not_crash ... ok
test compiler::tests::end_to_end_simple_program ... ok
test compiler::tests::end_to_end_with_control_flow ... ok
test compiler::tests::end_to_end_with_expressions ... ok
test compiler::token::tests::all_keywords_covered ... ok
test compiler::token::tests::keyword_match_folded ... ok
test compiler::token::tests::keyword_non_keyword ... ok
test compiler::token::tests::source_pos_display ... ok
test compiler::tests::end_to_end_with_functions ... ok
test compiler::token::tests::token_kind_classification ... ok
test compiler::type_checker::tests::annotation_check ... ok
test compiler::type_checker::tests::annotation_mismatch ... ok
test compiler::type_checker::tests::binary_arithmetic ... ok
test compiler::type_checker::tests::binary_type_error ... ok
test compiler::type_checker::tests::defined_variable ... ok
test compiler::type_checker::tests::int_to_float_compatible ... ok
test compiler::type_checker::tests::list_type ... ok
test compiler::type_checker::tests::literal_types ... ok
test compiler::type_checker::tests::logical_ops ... ok
test compiler::type_checker::tests::string_concat ... ok
test compiler::type_checker::tests::undefined_variable ... ok
test vm::decode::tests::all_54_ops_have_names ... ok
test vm::decode::tests::all_opcodes_have_correct_enc ... ok
test vm::decode::tests::decode_add_r3 ... ok
test vm::decode::tests::decode_jmp_ji ... ok
test vm::decode::tests::decode_lconst_r1i ... ok
test vm::decode::tests::decode_movi_r2i ... ok
test vm::decode::tests::decode_nop_jizero ... ok
test vm::decode::tests::dispatch_table_has_256_entries ... ok
test vm::decode::tests::illegal_opcode_is_illegal ... ok
test vm::execute::tests::bitwise_operations ... ok
test vm::execute::tests::call_and_return ... ok
test vm::execute::tests::div_by_zero_errors ... ok
test vm::execute::tests::ecall_alloc_returns_address ... ok
test vm::execute::tests::ecall_tcp_connect_returns_error ... ok
test vm::execute::tests::ecall_unsupported ... ok
test vm::execute::tests::ecall_unsupported_returns_max ... ok
test vm::execute::tests::floating_point_add ... ok
test vm::execute::tests::jmp_forward ... ok
test vm::execute::tests::movi_and_add ... ok
test vm::execute::tests::movi_and_jz_not_taken ... ok
test vm::execute::tests::movi_sub_mul ... ok
test vm::execute::tests::run_vm_simple ... ok
test vm::execute::tests::task_ret_returns_value ... ok
test vm::execute::tests::task_self_returns_id ... ok
test vm::memory::tests::alloc_and_usage ... ok
test vm::memory::tests::out_of_bounds_read ... ok
test vm::memory::tests::out_of_bounds_write ... ok
test vm::memory::tests::read_write_u64 ... ok
test vm::memory::tests::read_write_u8 ... ok
test vm::memory::tests::watermark_check ... ok
test vm::tests::entry_out_of_bounds ... ok
test vm::tests::fetch_returns_instruction ... ok
test vm::tests::load_invalid_magic ... ok
test vm::tests::load_valid_atxe ... ok
test vm::tests::task_id_readonly ... ok
test vm::tests::version_mismatch ... ok
test vm::tests::zero_register_hardwired ... ok
test compiler::semantic::tests::goout_out_zone_not_goout_error has been running for over 60 seconds
test compiler::semantic::tests::goout_out_zone_verify has been running for over 60 seconds
test compiler::semantic::tests::input_zone_invalid_stmt_error has been running for over 60 seconds
test compiler::semantic::tests::out_zone_goout_reference_valid has been running for over 60 seconds
memory allocation of 7516192768 bytes failed
note: run with `RUST_BACKTRACE=1` environment variable to display a backtrace
error: test failed, to rerun pass `--lib`

Caused by:
  process didn't exit successfully: `D:\Project\Atomix\target\debug\deps\atomix-a3b5461aa13a72b0.exe` (exit code: 0xc0000409, STATUS_STACK_BUFFER_OVERRUN)
note: test exited abnormally; to see the full output pass --no-capture to the harness.
